(
    a,
    "b/x",
    "b/y/o",
    "b/z",
    c
)
