1970: 1970-01-01T00:00:00Z (-978307200)
ReferenceDate: 2001-01-01T00:00:00Z (0)
