1970: 1970-01-01 00:00:00 +0000 (-978307200)
ReferenceDate: 2001-01-01 00:00:00 +0000 (0)
