1970-01-01T00:00:00:000+0000
   _MulleObjCConcreteDate: 1970-01-01T00:00:00:000Z (-978307200)
   _MulleObjCConcreteDate: 1970-01-01T00:00:00:000Z (-978307200)
   _MulleObjCConcreteCalendarDate: 1970-01-01T00:00:00:000Z (-978307200)
   _MulleObjCConcreteCalendarDate: 1970-01-01T00:00:00:000Z (-978307200)
1970-01-01T00:00:00:000+0300
   _MulleObjCConcreteDate: 1969-12-31T21:00:00:000Z (-978318000)
   _MulleObjCConcreteDate: 1969-12-31T21:00:00:000Z (-978318000)
   _MulleObjCConcreteCalendarDate: 1970-01-01T00:00:00:000+0300 (-978318000)
   _MulleObjCConcreteCalendarDate: 1970-01-01T00:00:00:000+0300 (-978318000)
2013-12-11T10:09:08:765+0000
   _MulleObjCConcreteDate: 2013-12-11T10:09:08:765Z (408449348.7650001)
   _MulleObjCConcreteDate: 2013-12-11T10:09:08:765Z (408449348.7650001)
   _MulleObjCConcreteCalendarDate: 2013-12-11T10:09:08:000Z (408449348)
   _MulleObjCConcreteCalendarDate: 2013-12-11T10:09:08:000Z (408449348)
2013-12-11T10:09:08:765+01:00
   _MulleObjCConcreteDate: 2013-12-11T09:09:08:765Z (408445748.7650001)
   _MulleObjCConcreteDate: 2013-12-11T09:09:08:765Z (408445748.7650001)
   _MulleObjCConcreteCalendarDate: 2013-12-11T10:09:08:000+0100 (408445748)
   _MulleObjCConcreteCalendarDate: 2013-12-11T10:09:08:000+0100 (408445748)
2013-02-24T20:08:15:123+0845
   _MulleObjCConcreteDate: 2013-02-24T11:23:15:123Z (383397795.12299991)
   _MulleObjCConcreteDate: 2013-02-24T11:23:15:123Z (383397795.12299991)
   _MulleObjCConcreteCalendarDate: 2013-02-24T20:08:15:000+0845 (383397795)
   _MulleObjCConcreteCalendarDate: 2013-02-24T20:08:15:000+0845 (383397795)
